***********************************************************************************************
***                                                                                         ***
***                                    LINK INFORMATION                                     ***
***                                                                                         ***
***********************************************************************************************

Linker version:

  SEGGER ARM Linker 4.44.2 compiled Apr 14 2025 15:08:43
  Copyright (c) 2017-2024 SEGGER Microcontroller GmbH    www.segger.com


***********************************************************************************************
***                                                                                         ***
***                                     MODULE SUMMARY                                      ***
***                                                                                         ***
***********************************************************************************************

Memory use by input file:

  Object File                                       RX Code     RO Data     RW Data     ZI Data
  ---------------------------------------------  ----------  ----------  ----------  ----------
  dfrobot_tft.o                                         902                                    
  gd32f405_425_Vectors.o                                558                                    
  GD32F4xx_Startup.o                                     64                                    
  gpio_functions.o                                      340                                   4
  I2C_Functions.o                                       412                                    
  I2C_main.o                                            288                      86            
  I2C_Tests.o                                           744         266                        
  SEGGER_THUMB_Startup.o                                 20                                    
  system_gd32f4xx.o                                     700                       4            
  systick_functions.o                                   222                                   4
  usart_functions.o                                     590                                 260
  ---------------------------------------------  ----------  ----------  ----------  ----------
  Subtotal (11 objects)                               4 840         266          90         268
  ---------------------------------------------  ----------  ----------  ----------  ----------
  SEGGER_crtinit_v7em_fpv4_sp_d16_hard_t_le_eabi_balanced.a
                                                         74                                    
  strops_unaligned_v7em_fpv4_sp_d16_hard_t_le_eabi_balanced.a
                                                        238                                    
  ---------------------------------------------  ----------  ----------  ----------  ----------
  Subtotal (2 archives)                                 312                                    
  ---------------------------------------------  ----------  ----------  ----------  ----------
  Linker created (shared data, fills, blocks):                      128                   2 048
  =============================================  ==========  ==========  ==========  ==========
  Total:                                              5 152         394          90       2 316
  =============================================  ==========  ==========  ==========  ==========

Memory use by archive member:

  Archive member                                    RX Code     RO Data     RW Data     ZI Data
  ---------------------------------------------  ----------  ----------  ----------  ----------
  SEGGER_crtinit.o (SEGGER_crtinit_v7em_fpv4_sp_d16_hard_t_le_eabi_balanced.a)
                                                         74                                    
  strasmops_arm.o (strops_unaligned_v7em_fpv4_sp_d16_hard_t_le_eabi_balanced.a)
                                                        196                                    
  strops.o (strops_unaligned_v7em_fpv4_sp_d16_hard_t_le_eabi_balanced.a)
                                                         42                                    
  ---------------------------------------------  ----------  ----------  ----------  ----------
  Subtotal (3 members from 2 archives)                  312                                    
  Objects (11 files)                                  4 840         266          90         268
  Linker created (shared data, fills, blocks):                      128                   2 048
  =============================================  ==========  ==========  ==========  ==========
  Total:                                              5 152         394          90       2 316
  =============================================  ==========  ==========  ==========  ==========

Memory use by linker:

  Description                                       RX Code     RO Data     RW Data     ZI Data
  ---------------------------------------------  ----------  ----------  ----------  ----------
  Initialization table                                              128                        
  Memory for block 'stack'                                                                2 048
  ---------------------------------------------  ----------  ----------  ----------  ----------
  Subtotal (linker created):                                        128                   2 048
  ---------------------------------------------  ----------  ----------  ----------  ----------
  Objects (11 files)                                  4 840         266          90         268
  Archives (2 files)                                    312                                    
  =============================================  ==========  ==========  ==========  ==========
  Total:                                              5 152         394          90       2 316
  =============================================  ==========  ==========  ==========  ==========


***********************************************************************************************
***                                                                                         ***
***                                     SECTION DETAIL                                      ***
***                                                                                         ***
***********************************************************************************************

Sections by address:

  Range              Symbol or [section] Name         Size  Al  Init  Ac  Object File
  -----------------  -------------------------  ----------  --  ----  --  -----------
  08000000-08000187  _vectors                          392  512
                                                                Code  RX  gd32f405_425_Vectors.o
  08000188-080001bf  tft_set_background_color           56   4  Code  RX  dfrobot_tft.o
  080001c0-0800025b  tft_draw_text                     156   4  Code  RX  dfrobot_tft.o
  0800025c-0800031b  tft_draw_rect                     192   4  Code  RX  dfrobot_tft.o
  0800031c-0800033b  i2cx_send_byte                     32   4  Code  RX  I2C_Functions.o
  0800033c-0800045b  main                              288   4  Code  RX  I2C_main.o
  0800045c-08000743  tft_test                          744   4  Code  RX  I2C_Tests.o
  08000744-0800081b  SystemInit                        216   4  Code  RX  system_gd32f4xx.o
  0800081c-08000823  system_clock_config                 8   4  Code  RX  system_gd32f4xx.o
  08000824-08000933  SystemCoreClockUpdate             272   4  Code  RX  system_gd32f4xx.o
  08000934-080009ff  system_clock_42m_8m_hxtal         204   4  Code  RX  system_gd32f4xx.o
  08000a00-08000a47  systick_config                     72   4  Code  RX  systick_functions.o
  08000a48-08000a8f  delay_systick_us                   72   4  Code  RX  systick_functions.o
  08000a90-08000a9f  SysTick_Handler                    16   4  Code  RX  systick_functions.o
  08000aa0-08000acb  __NVIC_EnableIRQ                   44   4  Code  RX  usart_functions.o
  08000acc-08000b2b  USART1_IRQHandler                  96   4  Code  RX  usart_functions.o
  08000b2c-08000b53  HardFault_Handler                  40   4  Code  RX  GD32F4xx_Startup.o
  08000b54-08000b67  _start                             20   4  Code  RX  SEGGER_THUMB_Startup.o
  08000b68-08000bc3  memcpy                             92   4  Code  RX  strasmops_arm.o (strops_unaligned_v7em_fpv4_sp_d16_hard_t_le_eabi_balanced.a)
  08000bc4-08000c2b  __aeabi_memclr                    104   4  Code  RX  strasmops_arm.o (strops_unaligned_v7em_fpv4_sp_d16_hard_t_le_eabi_balanced.a)
  08000c2c-08000d09  tft_send_packet                   222   4  Code  RX  dfrobot_tft.o
  08000d0a-08000d0b  NMI_Handler                         2   2  Code  RX  gd32f405_425_Vectors.o
  08000d0c-08000d95  tft_draw_icon                     138   4  Code  RX  dfrobot_tft.o
  08000d96-08000d97  MemManage_Handler                   2   2  Code  RX  gd32f405_425_Vectors.o
  08000d98-08000e21  tft_draw_gif                      138   4  Code  RX  dfrobot_tft.o
  08000e22-08000e23  BusFault_Handler                    2   2  Code  RX  gd32f405_425_Vectors.o
  08000e24-08000f49  gpiox_config                      294   4  Code  RX  gpio_functions.o
  08000f4a-08000f4b  UsageFault_Handler                  2   2  Code  RX  gd32f405_425_Vectors.o
  08000f4c-08000f79  EXTI0_IRQHandler                   46   4  Code  RX  gpio_functions.o
  08000f7a-08000f7b  SVC_Handler                         2   2  Code  RX  gd32f405_425_Vectors.o
  08000f7c-08001079  i2cx_config                       254   4  Code  RX  I2C_Functions.o
  0800107a-0800107b  DebugMon_Handler                    2   2  Code  RX  gd32f405_425_Vectors.o
  0800107c-08001099  i2cx_start                         30   4  Code  RX  I2C_Functions.o
  0800109a-0800109b  PendSV_Handler                      2   2  Code  RX  gd32f405_425_Vectors.o
  0800109c-080010d1  i2cx_send_dadr                     54   4  Code  RX  I2C_Functions.o
  080010d2-080010d3  WWDGT_IRQHandler                    2   2  Code  RX  gd32f405_425_Vectors.o
  080010d4-080010fd  i2cx_stop                          42   4  Code  RX  I2C_Functions.o
  080010fe-080010ff  LVD_IRQHandler                      2   2  Code  RX  gd32f405_425_Vectors.o
  08001100-0800113d  __NVIC_SetPriority                 62   4  Code  RX  systick_functions.o
  0800113e-0800113f  TAMPER_STAMP_IRQHandler             2   2  Code  RX  gd32f405_425_Vectors.o
  08001140-08001281  usartx_config                     322   4  Code  RX  usart_functions.o
  08001282-08001283  RTC_WKUP_IRQHandler                 2   2  Code  RX  gd32f405_425_Vectors.o
  08001284-080012c1  __NVIC_SetPriority                 62   4  Code  RX  usart_functions.o
  080012c2-080012c3  FMC_IRQHandler                      2   2  Code  RX  gd32f405_425_Vectors.o
  080012c4-08001305  usartx_send_text                   66   4  Code  RX  usart_functions.o
  08001306-08001307  RCU_CTC_IRQHandler                  2   2  Code  RX  gd32f405_425_Vectors.o
  08001308-08001309  EXTI1_IRQHandler                    2   2  Code  RX  gd32f405_425_Vectors.o
  0800130a-0800130b  EXTI2_IRQHandler                    2   2  Code  RX  gd32f405_425_Vectors.o
  0800130c-0800130d  EXTI3_IRQHandler                    2   2  Code  RX  gd32f405_425_Vectors.o
  0800130e-0800130f  EXTI4_IRQHandler                    2   2  Code  RX  gd32f405_425_Vectors.o
  08001310-08001311  DMA0_Channel0_IRQHandler            2   2  Code  RX  gd32f405_425_Vectors.o
  08001312-08001313  DMA0_Channel1_IRQHandler            2   2  Code  RX  gd32f405_425_Vectors.o
  08001314-08001315  DMA0_Channel2_IRQHandler            2   2  Code  RX  gd32f405_425_Vectors.o
  08001316-08001317  DMA0_Channel3_IRQHandler            2   2  Code  RX  gd32f405_425_Vectors.o
  08001318-08001319  DMA0_Channel4_IRQHandler            2   2  Code  RX  gd32f405_425_Vectors.o
  0800131a-0800131b  DMA0_Channel5_IRQHandler            2   2  Code  RX  gd32f405_425_Vectors.o
  0800131c-0800131d  DMA0_Channel6_IRQHandler            2   2  Code  RX  gd32f405_425_Vectors.o
  0800131e-0800131f  ADC_IRQHandler                      2   2  Code  RX  gd32f405_425_Vectors.o
  08001320-08001321  CAN0_TX_IRQHandler                  2   2  Code  RX  gd32f405_425_Vectors.o
  08001322-08001323  CAN0_RX0_IRQHandler                 2   2  Code  RX  gd32f405_425_Vectors.o
  08001324-08001325  CAN0_RX1_IRQHandler                 2   2  Code  RX  gd32f405_425_Vectors.o
  08001326-08001327  CAN0_EWMC_IRQHandler                2   2  Code  RX  gd32f405_425_Vectors.o
  08001328-08001329  EXTI5_9_IRQHandler                  2   2  Code  RX  gd32f405_425_Vectors.o
  0800132a-0800132b  TIMER0_BRK_TIMER8_IRQHandler
                                                         2   2  Code  RX  gd32f405_425_Vectors.o
  0800132c-0800132d  TIMER0_UP_TIMER9_IRQHandler
                                                         2   2  Code  RX  gd32f405_425_Vectors.o
  0800132e-0800132f  TIMER0_TRG_CMT_TIMER10_IRQHandler
                                                         2   2  Code  RX  gd32f405_425_Vectors.o
  08001330-08001331  TIMER0_Channel_IRQHandler           2   2  Code  RX  gd32f405_425_Vectors.o
  08001332-08001333  TIMER1_IRQHandler                   2   2  Code  RX  gd32f405_425_Vectors.o
  08001334-08001335  TIMER2_IRQHandler                   2   2  Code  RX  gd32f405_425_Vectors.o
  08001336-08001337  TIMER3_IRQHandler                   2   2  Code  RX  gd32f405_425_Vectors.o
  08001338-08001339  I2C0_EV_IRQHandler                  2   2  Code  RX  gd32f405_425_Vectors.o
  0800133a-0800133b  I2C0_ER_IRQHandler                  2   2  Code  RX  gd32f405_425_Vectors.o
  0800133c-0800133d  I2C1_EV_IRQHandler                  2   2  Code  RX  gd32f405_425_Vectors.o
  0800133e-0800133f  I2C1_ER_IRQHandler                  2   2  Code  RX  gd32f405_425_Vectors.o
  08001340-08001341  SPI0_IRQHandler                     2   2  Code  RX  gd32f405_425_Vectors.o
  08001342-08001343  SPI1_IRQHandler                     2   2  Code  RX  gd32f405_425_Vectors.o
  08001344-08001345  USART0_IRQHandler                   2   2  Code  RX  gd32f405_425_Vectors.o
  08001346-08001347  USART2_IRQHandler                   2   2  Code  RX  gd32f405_425_Vectors.o
  08001348-08001349  EXTI10_15_IRQHandler                2   2  Code  RX  gd32f405_425_Vectors.o
  0800134a-0800134b  RTC_Alarm_IRQHandler                2   2  Code  RX  gd32f405_425_Vectors.o
  0800134c-0800134d  USBFS_WKUP_IRQHandler               2   2  Code  RX  gd32f405_425_Vectors.o
  0800134e-0800134f  TIMER7_BRK_TIMER11_IRQHandler
                                                         2   2  Code  RX  gd32f405_425_Vectors.o
  08001350-08001351  TIMER7_UP_TIMER12_IRQHandler
                                                         2   2  Code  RX  gd32f405_425_Vectors.o
  08001352-08001353  TIMER7_TRG_CMT_TIMER13_IRQHandler
                                                         2   2  Code  RX  gd32f405_425_Vectors.o
  08001354-08001355  TIMER7_Channel_IRQHandler           2   2  Code  RX  gd32f405_425_Vectors.o
  08001356-08001357  DMA0_Channel7_IRQHandler            2   2  Code  RX  gd32f405_425_Vectors.o
  08001358-08001359  SDIO_IRQHandler                     2   2  Code  RX  gd32f405_425_Vectors.o
  0800135a-0800135b  TIMER4_IRQHandler                   2   2  Code  RX  gd32f405_425_Vectors.o
  0800135c-0800135d  SPI2_IRQHandler                     2   2  Code  RX  gd32f405_425_Vectors.o
  0800135e-0800135f  UART3_IRQHandler                    2   2  Code  RX  gd32f405_425_Vectors.o
  08001360-08001361  UART4_IRQHandler                    2   2  Code  RX  gd32f405_425_Vectors.o
  08001362-08001363  TIMER5_DAC_IRQHandler               2   2  Code  RX  gd32f405_425_Vectors.o
  08001364-08001365  TIMER6_IRQHandler                   2   2  Code  RX  gd32f405_425_Vectors.o
  08001366-08001367  DMA1_Channel0_IRQHandler            2   2  Code  RX  gd32f405_425_Vectors.o
  08001368-08001369  DMA1_Channel1_IRQHandler            2   2  Code  RX  gd32f405_425_Vectors.o
  0800136a-0800136b  DMA1_Channel2_IRQHandler            2   2  Code  RX  gd32f405_425_Vectors.o
  0800136c-0800136d  DMA1_Channel3_IRQHandler            2   2  Code  RX  gd32f405_425_Vectors.o
  0800136e-0800136f  DMA1_Channel4_IRQHandler            2   2  Code  RX  gd32f405_425_Vectors.o
  08001370-08001371  CAN1_TX_IRQHandler                  2   2  Code  RX  gd32f405_425_Vectors.o
  08001372-08001373  CAN1_RX0_IRQHandler                 2   2  Code  RX  gd32f405_425_Vectors.o
  08001374-08001375  CAN1_RX1_IRQHandler                 2   2  Code  RX  gd32f405_425_Vectors.o
  08001376-08001377  CAN1_EWMC_IRQHandler                2   2  Code  RX  gd32f405_425_Vectors.o
  08001378-08001379  USBFS_IRQHandler                    2   2  Code  RX  gd32f405_425_Vectors.o
  0800137a-0800137b  DMA1_Channel5_IRQHandler            2   2  Code  RX  gd32f405_425_Vectors.o
  0800137c-0800137d  DMA1_Channel6_IRQHandler            2   2  Code  RX  gd32f405_425_Vectors.o
  0800137e-0800137f  DMA1_Channel7_IRQHandler            2   2  Code  RX  gd32f405_425_Vectors.o
  08001380-08001381  USART5_IRQHandler                   2   2  Code  RX  gd32f405_425_Vectors.o
  08001382-08001383  I2C2_EV_IRQHandler                  2   2  Code  RX  gd32f405_425_Vectors.o
  08001384-08001385  I2C2_ER_IRQHandler                  2   2  Code  RX  gd32f405_425_Vectors.o
  08001386-08001387  USBHS_EP1_Out_IRQHandler            2   2  Code  RX  gd32f405_425_Vectors.o
  08001388-08001389  USBHS_EP1_In_IRQHandler             2   2  Code  RX  gd32f405_425_Vectors.o
  0800138a-0800138b  USBHS_WKUP_IRQHandler               2   2  Code  RX  gd32f405_425_Vectors.o
  0800138c-0800138d  USBHS_IRQHandler                    2   2  Code  RX  gd32f405_425_Vectors.o
  0800138e-0800138f  DCI_IRQHandler                      2   2  Code  RX  gd32f405_425_Vectors.o
  08001390-08001391  TRNG_IRQHandler                     2   2  Code  RX  gd32f405_425_Vectors.o
  08001392-08001393  FPU_IRQHandler                      2   2  Code  RX  gd32f405_425_Vectors.o
  08001394-080013bd  strlen                             42   2  Code  RX  strops.o (strops_unaligned_v7em_fpv4_sp_d16_hard_t_le_eabi_balanced.a)
  080013be-080013d5  reset_handler                      24   2  Code  RX  GD32F4xx_Startup.o
  080013d6-080013f0  [.rodata..L.str.2]                 27   1  Cnst  RO  I2C_Tests.o
  080013f1-0800140a  [.rodata..L.str.5]                 26   1  Cnst  RO  I2C_Tests.o
  0800140b-08001447  [.rodata..L__const.tft_test.user_prompt]
                                                        61   1  Cnst  RO  I2C_Tests.o
  08001448-08001454  [.rodata..L.str]                   13   1  Cnst  RO  I2C_Tests.o
  08001455-08001471  [.rodata..L.str.4]                 29   1  Cnst  RO  I2C_Tests.o
  08001472-0800148a  [.rodata..L.str.7]                 25   1  Cnst  RO  I2C_Tests.o
  0800148b-080014af  [.rodata..L.str.8]                 37   1  Cnst  RO  I2C_Tests.o
  080014b0-080014b3  [.init_array]                       4   4  ----  --  GD32F4xx_Startup.o
  080014b4-080014cb  [.rodata..L.str.1]                 24   1  Cnst  RO  I2C_Tests.o
  080014cc-080014d7  [.rodata..L.str.3]                 12   1  Cnst  RO  I2C_Tests.o
  080014d8-080014e3  [.rodata..L.str.6]                 12   1  Cnst  RO  I2C_Tests.o
  080014e4-08001507  __SEGGER_init_ctors                36   4  Code  RX  SEGGER_crtinit.o (SEGGER_crtinit_v7em_fpv4_sp_d16_hard_t_le_eabi_balanced.a)
  08001508-0800152b  __SEGGER_init_table__              36   4  Cnst  RO  [ Linker created ]
  0800152c-08001587  __SEGGER_init_data__               92   4  Cnst  RO  [ Linker created ]
  08001588-08001599  __SEGGER_init_zero                 18   2  Code  RX  SEGGER_crtinit.o (SEGGER_crtinit_v7em_fpv4_sp_d16_hard_t_le_eabi_balanced.a)
  0800159a-080015ad  __SEGGER_init_copy                 20   2  Code  RX  SEGGER_crtinit.o (SEGGER_crtinit_v7em_fpv4_sp_d16_hard_t_le_eabi_balanced.a)
  080015ae-1fffffff  ( UNUSED .=.+402647634 )   402 647 634
                                                             -  ----  -   -
  20000000-20000003  g_usart1_rx_count                   4   4  Zero  ZI  usart_functions.o
  20000004-20000007  g_systick_count                     4   4  Zero  ZI  systick_functions.o
  20000008-2000000b  g_exti0_count                       4   4  Zero  ZI  gpio_functions.o
  2000000c-2000010b  g_usart1_rx_arr                   256   1  Zero  ZI  usart_functions.o
  2000010c-2000010f  SystemCoreClock                     4   4  Init  RW  system_gd32f4xx.o
  20000110-2000013a  main_menu                          43   1  Init  RW  I2C_main.o
  2000013b-20000165  esc_msg                            43   1  Init  RW  I2C_main.o
  20000166-2001f7ff  ( UNUSED .=.+128666 )         128 666   -  ----  -   -
  2001f800-2001ffff  [.bss.block.stack]              2 048   8  None  ZI  [ Linker created ]


***********************************************************************************************
***                                                                                         ***
***                                       SYMBOL LIST                                       ***
***                                                                                         ***
***********************************************************************************************

Function symbols by name:

  Symbol name                   Address        Size  Align  Type  Bd  Object File
  -------------------------  ----------  ----------  -----  ----  --  -----------
  ADC_IRQHandler             0x0800131F                  2  Code  Wk  gd32f405_425_Vectors.o
  BusFault_Handler           0x08000E23                  2  Code  Wk  gd32f405_425_Vectors.o
  CAN0_EWMC_IRQHandler       0x08001327                  2  Code  Wk  gd32f405_425_Vectors.o
  CAN0_RX0_IRQHandler        0x08001323                  2  Code  Wk  gd32f405_425_Vectors.o
  CAN0_RX1_IRQHandler        0x08001325                  2  Code  Wk  gd32f405_425_Vectors.o
  CAN0_TX_IRQHandler         0x08001321                  2  Code  Wk  gd32f405_425_Vectors.o
  CAN1_EWMC_IRQHandler       0x08001377                  2  Code  Wk  gd32f405_425_Vectors.o
  CAN1_RX0_IRQHandler        0x08001373                  2  Code  Wk  gd32f405_425_Vectors.o
  CAN1_RX1_IRQHandler        0x08001375                  2  Code  Wk  gd32f405_425_Vectors.o
  CAN1_TX_IRQHandler         0x08001371                  2  Code  Wk  gd32f405_425_Vectors.o
  DCI_IRQHandler             0x0800138F                  2  Code  Wk  gd32f405_425_Vectors.o
  DMA0_Channel0_IRQHandler   0x08001311                  2  Code  Wk  gd32f405_425_Vectors.o
  DMA0_Channel1_IRQHandler   0x08001313                  2  Code  Wk  gd32f405_425_Vectors.o
  DMA0_Channel2_IRQHandler   0x08001315                  2  Code  Wk  gd32f405_425_Vectors.o
  DMA0_Channel3_IRQHandler   0x08001317                  2  Code  Wk  gd32f405_425_Vectors.o
  DMA0_Channel4_IRQHandler   0x08001319                  2  Code  Wk  gd32f405_425_Vectors.o
  DMA0_Channel5_IRQHandler   0x0800131B                  2  Code  Wk  gd32f405_425_Vectors.o
  DMA0_Channel6_IRQHandler   0x0800131D                  2  Code  Wk  gd32f405_425_Vectors.o
  DMA0_Channel7_IRQHandler   0x08001357                  2  Code  Wk  gd32f405_425_Vectors.o
  DMA1_Channel0_IRQHandler   0x08001367                  2  Code  Wk  gd32f405_425_Vectors.o
  DMA1_Channel1_IRQHandler   0x08001369                  2  Code  Wk  gd32f405_425_Vectors.o
  DMA1_Channel2_IRQHandler   0x0800136B                  2  Code  Wk  gd32f405_425_Vectors.o
  DMA1_Channel3_IRQHandler   0x0800136D                  2  Code  Wk  gd32f405_425_Vectors.o
  DMA1_Channel4_IRQHandler   0x0800136F                  2  Code  Wk  gd32f405_425_Vectors.o
  DMA1_Channel5_IRQHandler   0x0800137B                  2  Code  Wk  gd32f405_425_Vectors.o
  DMA1_Channel6_IRQHandler   0x0800137D                  2  Code  Wk  gd32f405_425_Vectors.o
  DMA1_Channel7_IRQHandler   0x0800137F                  2  Code  Wk  gd32f405_425_Vectors.o
  DebugMon_Handler           0x0800107B                  2  Code  Wk  gd32f405_425_Vectors.o
  EXTI0_IRQHandler           0x08000F4D          46      4  Code  Gb  gpio_functions.o
  EXTI10_15_IRQHandler       0x08001349                  2  Code  Wk  gd32f405_425_Vectors.o
  EXTI1_IRQHandler           0x08001309                  2  Code  Wk  gd32f405_425_Vectors.o
  EXTI2_IRQHandler           0x0800130B                  2  Code  Wk  gd32f405_425_Vectors.o
  EXTI3_IRQHandler           0x0800130D                  2  Code  Wk  gd32f405_425_Vectors.o
  EXTI4_IRQHandler           0x0800130F                  2  Code  Wk  gd32f405_425_Vectors.o
  EXTI5_9_IRQHandler         0x08001329                  2  Code  Wk  gd32f405_425_Vectors.o
  FMC_IRQHandler             0x080012C3                  2  Code  Wk  gd32f405_425_Vectors.o
  FPU_IRQHandler             0x08001393                  2  Code  Wk  gd32f405_425_Vectors.o
  HardFault_Handler          0x08000B2D                  4  Code  Wk  GD32F4xx_Startup.o
  I2C0_ER_IRQHandler         0x0800133B                  2  Code  Wk  gd32f405_425_Vectors.o
  I2C0_EV_IRQHandler         0x08001339                  2  Code  Wk  gd32f405_425_Vectors.o
  I2C1_ER_IRQHandler         0x0800133F                  2  Code  Wk  gd32f405_425_Vectors.o
  I2C1_EV_IRQHandler         0x0800133D                  2  Code  Wk  gd32f405_425_Vectors.o
  I2C2_ER_IRQHandler         0x08001385                  2  Code  Wk  gd32f405_425_Vectors.o
  I2C2_EV_IRQHandler         0x08001383                  2  Code  Wk  gd32f405_425_Vectors.o
  LVD_IRQHandler             0x080010FF                  2  Code  Wk  gd32f405_425_Vectors.o
  MemManage_Handler          0x08000D97                  2  Code  Wk  gd32f405_425_Vectors.o
  NMI_Handler                0x08000D0B                  2  Code  Wk  gd32f405_425_Vectors.o
  PendSV_Handler             0x0800109B                  2  Code  Wk  gd32f405_425_Vectors.o
  RCU_CTC_IRQHandler         0x08001307                  2  Code  Wk  gd32f405_425_Vectors.o
  RTC_Alarm_IRQHandler       0x0800134B                  2  Code  Wk  gd32f405_425_Vectors.o
  RTC_WKUP_IRQHandler        0x08001283                  2  Code  Wk  gd32f405_425_Vectors.o
  Reset_Handler              0x080013BF                  2  Code  Gb  GD32F4xx_Startup.o
  SDIO_IRQHandler            0x08001359                  2  Code  Wk  gd32f405_425_Vectors.o
  SPI0_IRQHandler            0x08001341                  2  Code  Wk  gd32f405_425_Vectors.o
  SPI1_IRQHandler            0x08001343                  2  Code  Wk  gd32f405_425_Vectors.o
  SPI2_IRQHandler            0x0800135D                  2  Code  Wk  gd32f405_425_Vectors.o
  SVC_Handler                0x08000F7B                  2  Code  Wk  gd32f405_425_Vectors.o
  SysTick_Handler            0x08000A91          16      4  Code  Gb  systick_functions.o
  SystemCoreClockUpdate      0x08000825         272      4  Code  Gb  system_gd32f4xx.o
  SystemInit                 0x08000745         216      4  Code  Gb  system_gd32f4xx.o
  TAMPER_STAMP_IRQHandler    0x0800113F                  2  Code  Wk  gd32f405_425_Vectors.o
  TIMER0_BRK_TIMER8_IRQHandler
                             0x0800132B                  2  Code  Wk  gd32f405_425_Vectors.o
  TIMER0_Channel_IRQHandler  0x08001331                  2  Code  Wk  gd32f405_425_Vectors.o
  TIMER0_TRG_CMT_TIMER10_IRQHandler
                             0x0800132F                  2  Code  Wk  gd32f405_425_Vectors.o
  TIMER0_UP_TIMER9_IRQHandler
                             0x0800132D                  2  Code  Wk  gd32f405_425_Vectors.o
  TIMER1_IRQHandler          0x08001333                  2  Code  Wk  gd32f405_425_Vectors.o
  TIMER2_IRQHandler          0x08001335                  2  Code  Wk  gd32f405_425_Vectors.o
  TIMER3_IRQHandler          0x08001337                  2  Code  Wk  gd32f405_425_Vectors.o
  TIMER4_IRQHandler          0x0800135B                  2  Code  Wk  gd32f405_425_Vectors.o
  TIMER5_DAC_IRQHandler      0x08001363                  2  Code  Wk  gd32f405_425_Vectors.o
  TIMER6_IRQHandler          0x08001365                  2  Code  Wk  gd32f405_425_Vectors.o
  TIMER7_BRK_TIMER11_IRQHandler
                             0x0800134F                  2  Code  Wk  gd32f405_425_Vectors.o
  TIMER7_Channel_IRQHandler  0x08001355                  2  Code  Wk  gd32f405_425_Vectors.o
  TIMER7_TRG_CMT_TIMER13_IRQHandler
                             0x08001353                  2  Code  Wk  gd32f405_425_Vectors.o
  TIMER7_UP_TIMER12_IRQHandler
                             0x08001351                  2  Code  Wk  gd32f405_425_Vectors.o
  TRNG_IRQHandler            0x08001391                  2  Code  Wk  gd32f405_425_Vectors.o
  UART3_IRQHandler           0x0800135F                  2  Code  Wk  gd32f405_425_Vectors.o
  UART4_IRQHandler           0x08001361                  2  Code  Wk  gd32f405_425_Vectors.o
  USART0_IRQHandler          0x08001345                  2  Code  Wk  gd32f405_425_Vectors.o
  USART1_IRQHandler          0x08000ACD          96      4  Code  Gb  usart_functions.o
  USART2_IRQHandler          0x08001347                  2  Code  Wk  gd32f405_425_Vectors.o
  USART5_IRQHandler          0x08001381                  2  Code  Wk  gd32f405_425_Vectors.o
  USBFS_IRQHandler           0x08001379                  2  Code  Wk  gd32f405_425_Vectors.o
  USBFS_WKUP_IRQHandler      0x0800134D                  2  Code  Wk  gd32f405_425_Vectors.o
  USBHS_EP1_In_IRQHandler    0x08001389                  2  Code  Wk  gd32f405_425_Vectors.o
  USBHS_EP1_Out_IRQHandler   0x08001387                  2  Code  Wk  gd32f405_425_Vectors.o
  USBHS_IRQHandler           0x0800138D                  2  Code  Wk  gd32f405_425_Vectors.o
  USBHS_WKUP_IRQHandler      0x0800138B                  2  Code  Wk  gd32f405_425_Vectors.o
  UsageFault_Handler         0x08000F4B                  2  Code  Wk  gd32f405_425_Vectors.o
  WWDGT_IRQHandler           0x080010D3                  2  Code  Wk  gd32f405_425_Vectors.o
  __NVIC_EnableIRQ           0x08000AA1          44      4  Code  Lc  usart_functions.o
  __NVIC_SetPriority         0x08001101          62      4  Code  Lc  systick_functions.o
  __NVIC_SetPriority         0x08001285          62      4  Code  Lc  usart_functions.o
  __SEGGER_init_copy         0x0800159B          20      2  Code  Wk  SEGGER_crtinit.o (SEGGER_crtinit_v7em_fpv4_sp_d16_hard_t_le_eabi_balanced.a)
  __SEGGER_init_ctors        0x080014E5          26      4  Code  Wk  SEGGER_crtinit.o (SEGGER_crtinit_v7em_fpv4_sp_d16_hard_t_le_eabi_balanced.a)
  __SEGGER_init_done         0x08000B5F                  4  Code  Gb  SEGGER_THUMB_Startup.o
  __SEGGER_init_zero         0x08001589          18      2  Code  Wk  SEGGER_crtinit.o (SEGGER_crtinit_v7em_fpv4_sp_d16_hard_t_le_eabi_balanced.a)
  __aeabi_memclr             0x08000BC5         104      4  Code  Wk  strasmops_arm.o (strops_unaligned_v7em_fpv4_sp_d16_hard_t_le_eabi_balanced.a)
  __aeabi_memclr4            0x08000BC5                  4  Code  Wk  strasmops_arm.o (strops_unaligned_v7em_fpv4_sp_d16_hard_t_le_eabi_balanced.a)
  __aeabi_memclr8            0x08000BC5                  4  Code  Wk  strasmops_arm.o (strops_unaligned_v7em_fpv4_sp_d16_hard_t_le_eabi_balanced.a)
  __aeabi_memcpy             0x08000B69                  4  Code  Wk  strasmops_arm.o (strops_unaligned_v7em_fpv4_sp_d16_hard_t_le_eabi_balanced.a)
  __aeabi_memcpy4            0x08000B87                  4  Code  Wk  strasmops_arm.o (strops_unaligned_v7em_fpv4_sp_d16_hard_t_le_eabi_balanced.a)
  __aeabi_memcpy8            0x08000B87                  4  Code  Wk  strasmops_arm.o (strops_unaligned_v7em_fpv4_sp_d16_hard_t_le_eabi_balanced.a)
  __aeabi_memset             0x08000BC7                  4  Code  Wk  strasmops_arm.o (strops_unaligned_v7em_fpv4_sp_d16_hard_t_le_eabi_balanced.a)
  __aeabi_memset4            0x08000BC7                  4  Code  Wk  strasmops_arm.o (strops_unaligned_v7em_fpv4_sp_d16_hard_t_le_eabi_balanced.a)
  __aeabi_memset8            0x08000BC7                  4  Code  Wk  strasmops_arm.o (strops_unaligned_v7em_fpv4_sp_d16_hard_t_le_eabi_balanced.a)
  __startup_complete         0x08000B5F                  4  Code  Gb  SEGGER_THUMB_Startup.o
  _start                     0x08000B55          14      4  Code  Gb  SEGGER_THUMB_Startup.o
  delay_systick_us           0x08000A49          72      4  Code  Gb  systick_functions.o
  exit                       0x08000B63           2      4  Code  Gb  SEGGER_THUMB_Startup.o
  gpiox_config               0x08000E25         294      4  Code  Gb  gpio_functions.o
  i2cx_config                0x08000F7D         254      4  Code  Gb  I2C_Functions.o
  i2cx_send_byte             0x0800031D          32      4  Code  Gb  I2C_Functions.o
  i2cx_send_dadr             0x0800109D          54      4  Code  Gb  I2C_Functions.o
  i2cx_start                 0x0800107D          30      4  Code  Gb  I2C_Functions.o
  i2cx_stop                  0x080010D5          42      4  Code  Gb  I2C_Functions.o
  main                       0x0800033D         288      4  Code  Gb  I2C_main.o
  memcpy                     0x08000B69          92      4  Code  Wk  strasmops_arm.o (strops_unaligned_v7em_fpv4_sp_d16_hard_t_le_eabi_balanced.a)
  memset                     0x08000BCD                  4  Code  Wk  strasmops_arm.o (strops_unaligned_v7em_fpv4_sp_d16_hard_t_le_eabi_balanced.a)
  reset_handler              0x080013BF                  2  Code  Gb  GD32F4xx_Startup.o
  strlen                     0x08001395          42      2  Code  Wk  strops.o (strops_unaligned_v7em_fpv4_sp_d16_hard_t_le_eabi_balanced.a)
  system_clock_42m_8m_hxtal  0x08000935         204      4  Code  Lc  system_gd32f4xx.o
  system_clock_config        0x0800081D           8      4  Code  Lc  system_gd32f4xx.o
  systick_config             0x08000A01          72      4  Code  Gb  systick_functions.o
  tft_draw_gif               0x08000D99         138      4  Code  Gb  dfrobot_tft.o
  tft_draw_icon              0x08000D0D         138      4  Code  Gb  dfrobot_tft.o
  tft_draw_rect              0x0800025D         192      4  Code  Gb  dfrobot_tft.o
  tft_draw_text              0x080001C1         156      4  Code  Gb  dfrobot_tft.o
  tft_send_packet            0x08000C2D         222      4  Code  Gb  dfrobot_tft.o
  tft_set_background_color   0x08000189          56      4  Code  Gb  dfrobot_tft.o
  tft_test                   0x0800045D         744      4  Code  Gb  I2C_Tests.o
  usartx_config              0x08001141         322      4  Code  Gb  usart_functions.o
  usartx_send_text           0x080012C5          66      4  Code  Gb  usart_functions.o

Function symbols by address:

     Address  Symbol name                      Size  Align  Type  Bd  Object File
  ----------  -------------------------  ----------  -----  ----  --  -----------
  0x08000189  tft_set_background_color           56      4  Code  Gb  dfrobot_tft.o
  0x080001C1  tft_draw_text                     156      4  Code  Gb  dfrobot_tft.o
  0x0800025D  tft_draw_rect                     192      4  Code  Gb  dfrobot_tft.o
  0x0800031D  i2cx_send_byte                     32      4  Code  Gb  I2C_Functions.o
  0x0800033D  main                              288      4  Code  Gb  I2C_main.o
  0x0800045D  tft_test                          744      4  Code  Gb  I2C_Tests.o
  0x08000745  SystemInit                        216      4  Code  Gb  system_gd32f4xx.o
  0x0800081D  system_clock_config                 8      4  Code  Lc  system_gd32f4xx.o
  0x08000825  SystemCoreClockUpdate             272      4  Code  Gb  system_gd32f4xx.o
  0x08000935  system_clock_42m_8m_hxtal         204      4  Code  Lc  system_gd32f4xx.o
  0x08000A01  systick_config                     72      4  Code  Gb  systick_functions.o
  0x08000A49  delay_systick_us                   72      4  Code  Gb  systick_functions.o
  0x08000A91  SysTick_Handler                    16      4  Code  Gb  systick_functions.o
  0x08000AA1  __NVIC_EnableIRQ                   44      4  Code  Lc  usart_functions.o
  0x08000ACD  USART1_IRQHandler                  96      4  Code  Gb  usart_functions.o
  0x08000B2D  HardFault_Handler                          4  Code  Wk  GD32F4xx_Startup.o
  0x08000B55  _start                             14      4  Code  Gb  SEGGER_THUMB_Startup.o
  0x08000B5F  __startup_complete                         4  Code  Gb  SEGGER_THUMB_Startup.o
  0x08000B5F  __SEGGER_init_done                         4  Code  Gb  SEGGER_THUMB_Startup.o
  0x08000B63  exit                                2      4  Code  Gb  SEGGER_THUMB_Startup.o
  0x08000B69  memcpy                             92      4  Code  Wk  strasmops_arm.o (strops_unaligned_v7em_fpv4_sp_d16_hard_t_le_eabi_balanced.a)
  0x08000B69  __aeabi_memcpy                             4  Code  Wk  strasmops_arm.o (strops_unaligned_v7em_fpv4_sp_d16_hard_t_le_eabi_balanced.a)
  0x08000B87  __aeabi_memcpy8                            4  Code  Wk  strasmops_arm.o (strops_unaligned_v7em_fpv4_sp_d16_hard_t_le_eabi_balanced.a)
  0x08000B87  __aeabi_memcpy4                            4  Code  Wk  strasmops_arm.o (strops_unaligned_v7em_fpv4_sp_d16_hard_t_le_eabi_balanced.a)
  0x08000BC5  __aeabi_memclr8                            4  Code  Wk  strasmops_arm.o (strops_unaligned_v7em_fpv4_sp_d16_hard_t_le_eabi_balanced.a)
  0x08000BC5  __aeabi_memclr4                            4  Code  Wk  strasmops_arm.o (strops_unaligned_v7em_fpv4_sp_d16_hard_t_le_eabi_balanced.a)
  0x08000BC5  __aeabi_memclr                    104      4  Code  Wk  strasmops_arm.o (strops_unaligned_v7em_fpv4_sp_d16_hard_t_le_eabi_balanced.a)
  0x08000BC7  __aeabi_memset8                            4  Code  Wk  strasmops_arm.o (strops_unaligned_v7em_fpv4_sp_d16_hard_t_le_eabi_balanced.a)
  0x08000BC7  __aeabi_memset4                            4  Code  Wk  strasmops_arm.o (strops_unaligned_v7em_fpv4_sp_d16_hard_t_le_eabi_balanced.a)
  0x08000BC7  __aeabi_memset                             4  Code  Wk  strasmops_arm.o (strops_unaligned_v7em_fpv4_sp_d16_hard_t_le_eabi_balanced.a)
  0x08000BCD  memset                                     4  Code  Wk  strasmops_arm.o (strops_unaligned_v7em_fpv4_sp_d16_hard_t_le_eabi_balanced.a)
  0x08000C2D  tft_send_packet                   222      4  Code  Gb  dfrobot_tft.o
  0x08000D0B  NMI_Handler                                2  Code  Wk  gd32f405_425_Vectors.o
  0x08000D0D  tft_draw_icon                     138      4  Code  Gb  dfrobot_tft.o
  0x08000D97  MemManage_Handler                          2  Code  Wk  gd32f405_425_Vectors.o
  0x08000D99  tft_draw_gif                      138      4  Code  Gb  dfrobot_tft.o
  0x08000E23  BusFault_Handler                           2  Code  Wk  gd32f405_425_Vectors.o
  0x08000E25  gpiox_config                      294      4  Code  Gb  gpio_functions.o
  0x08000F4B  UsageFault_Handler                         2  Code  Wk  gd32f405_425_Vectors.o
  0x08000F4D  EXTI0_IRQHandler                   46      4  Code  Gb  gpio_functions.o
  0x08000F7B  SVC_Handler                                2  Code  Wk  gd32f405_425_Vectors.o
  0x08000F7D  i2cx_config                       254      4  Code  Gb  I2C_Functions.o
  0x0800107B  DebugMon_Handler                           2  Code  Wk  gd32f405_425_Vectors.o
  0x0800107D  i2cx_start                         30      4  Code  Gb  I2C_Functions.o
  0x0800109B  PendSV_Handler                             2  Code  Wk  gd32f405_425_Vectors.o
  0x0800109D  i2cx_send_dadr                     54      4  Code  Gb  I2C_Functions.o
  0x080010D3  WWDGT_IRQHandler                           2  Code  Wk  gd32f405_425_Vectors.o
  0x080010D5  i2cx_stop                          42      4  Code  Gb  I2C_Functions.o
  0x080010FF  LVD_IRQHandler                             2  Code  Wk  gd32f405_425_Vectors.o
  0x08001101  __NVIC_SetPriority                 62      4  Code  Lc  systick_functions.o
  0x0800113F  TAMPER_STAMP_IRQHandler                    2  Code  Wk  gd32f405_425_Vectors.o
  0x08001141  usartx_config                     322      4  Code  Gb  usart_functions.o
  0x08001283  RTC_WKUP_IRQHandler                        2  Code  Wk  gd32f405_425_Vectors.o
  0x08001285  __NVIC_SetPriority                 62      4  Code  Lc  usart_functions.o
  0x080012C3  FMC_IRQHandler                             2  Code  Wk  gd32f405_425_Vectors.o
  0x080012C5  usartx_send_text                   66      4  Code  Gb  usart_functions.o
  0x08001307  RCU_CTC_IRQHandler                         2  Code  Wk  gd32f405_425_Vectors.o
  0x08001309  EXTI1_IRQHandler                           2  Code  Wk  gd32f405_425_Vectors.o
  0x0800130B  EXTI2_IRQHandler                           2  Code  Wk  gd32f405_425_Vectors.o
  0x0800130D  EXTI3_IRQHandler                           2  Code  Wk  gd32f405_425_Vectors.o
  0x0800130F  EXTI4_IRQHandler                           2  Code  Wk  gd32f405_425_Vectors.o
  0x08001311  DMA0_Channel0_IRQHandler                   2  Code  Wk  gd32f405_425_Vectors.o
  0x08001313  DMA0_Channel1_IRQHandler                   2  Code  Wk  gd32f405_425_Vectors.o
  0x08001315  DMA0_Channel2_IRQHandler                   2  Code  Wk  gd32f405_425_Vectors.o
  0x08001317  DMA0_Channel3_IRQHandler                   2  Code  Wk  gd32f405_425_Vectors.o
  0x08001319  DMA0_Channel4_IRQHandler                   2  Code  Wk  gd32f405_425_Vectors.o
  0x0800131B  DMA0_Channel5_IRQHandler                   2  Code  Wk  gd32f405_425_Vectors.o
  0x0800131D  DMA0_Channel6_IRQHandler                   2  Code  Wk  gd32f405_425_Vectors.o
  0x0800131F  ADC_IRQHandler                             2  Code  Wk  gd32f405_425_Vectors.o
  0x08001321  CAN0_TX_IRQHandler                         2  Code  Wk  gd32f405_425_Vectors.o
  0x08001323  CAN0_RX0_IRQHandler                        2  Code  Wk  gd32f405_425_Vectors.o
  0x08001325  CAN0_RX1_IRQHandler                        2  Code  Wk  gd32f405_425_Vectors.o
  0x08001327  CAN0_EWMC_IRQHandler                       2  Code  Wk  gd32f405_425_Vectors.o
  0x08001329  EXTI5_9_IRQHandler                         2  Code  Wk  gd32f405_425_Vectors.o
  0x0800132B  TIMER0_BRK_TIMER8_IRQHandler
                                                         2  Code  Wk  gd32f405_425_Vectors.o
  0x0800132D  TIMER0_UP_TIMER9_IRQHandler
                                                         2  Code  Wk  gd32f405_425_Vectors.o
  0x0800132F  TIMER0_TRG_CMT_TIMER10_IRQHandler
                                                         2  Code  Wk  gd32f405_425_Vectors.o
  0x08001331  TIMER0_Channel_IRQHandler                  2  Code  Wk  gd32f405_425_Vectors.o
  0x08001333  TIMER1_IRQHandler                          2  Code  Wk  gd32f405_425_Vectors.o
  0x08001335  TIMER2_IRQHandler                          2  Code  Wk  gd32f405_425_Vectors.o
  0x08001337  TIMER3_IRQHandler                          2  Code  Wk  gd32f405_425_Vectors.o
  0x08001339  I2C0_EV_IRQHandler                         2  Code  Wk  gd32f405_425_Vectors.o
  0x0800133B  I2C0_ER_IRQHandler                         2  Code  Wk  gd32f405_425_Vectors.o
  0x0800133D  I2C1_EV_IRQHandler                         2  Code  Wk  gd32f405_425_Vectors.o
  0x0800133F  I2C1_ER_IRQHandler                         2  Code  Wk  gd32f405_425_Vectors.o
  0x08001341  SPI0_IRQHandler                            2  Code  Wk  gd32f405_425_Vectors.o
  0x08001343  SPI1_IRQHandler                            2  Code  Wk  gd32f405_425_Vectors.o
  0x08001345  USART0_IRQHandler                          2  Code  Wk  gd32f405_425_Vectors.o
  0x08001347  USART2_IRQHandler                          2  Code  Wk  gd32f405_425_Vectors.o
  0x08001349  EXTI10_15_IRQHandler                       2  Code  Wk  gd32f405_425_Vectors.o
  0x0800134B  RTC_Alarm_IRQHandler                       2  Code  Wk  gd32f405_425_Vectors.o
  0x0800134D  USBFS_WKUP_IRQHandler                      2  Code  Wk  gd32f405_425_Vectors.o
  0x0800134F  TIMER7_BRK_TIMER11_IRQHandler
                                                         2  Code  Wk  gd32f405_425_Vectors.o
  0x08001351  TIMER7_UP_TIMER12_IRQHandler
                                                         2  Code  Wk  gd32f405_425_Vectors.o
  0x08001353  TIMER7_TRG_CMT_TIMER13_IRQHandler
                                                         2  Code  Wk  gd32f405_425_Vectors.o
  0x08001355  TIMER7_Channel_IRQHandler                  2  Code  Wk  gd32f405_425_Vectors.o
  0x08001357  DMA0_Channel7_IRQHandler                   2  Code  Wk  gd32f405_425_Vectors.o
  0x08001359  SDIO_IRQHandler                            2  Code  Wk  gd32f405_425_Vectors.o
  0x0800135B  TIMER4_IRQHandler                          2  Code  Wk  gd32f405_425_Vectors.o
  0x0800135D  SPI2_IRQHandler                            2  Code  Wk  gd32f405_425_Vectors.o
  0x0800135F  UART3_IRQHandler                           2  Code  Wk  gd32f405_425_Vectors.o
  0x08001361  UART4_IRQHandler                           2  Code  Wk  gd32f405_425_Vectors.o
  0x08001363  TIMER5_DAC_IRQHandler                      2  Code  Wk  gd32f405_425_Vectors.o
  0x08001365  TIMER6_IRQHandler                          2  Code  Wk  gd32f405_425_Vectors.o
  0x08001367  DMA1_Channel0_IRQHandler                   2  Code  Wk  gd32f405_425_Vectors.o
  0x08001369  DMA1_Channel1_IRQHandler                   2  Code  Wk  gd32f405_425_Vectors.o
  0x0800136B  DMA1_Channel2_IRQHandler                   2  Code  Wk  gd32f405_425_Vectors.o
  0x0800136D  DMA1_Channel3_IRQHandler                   2  Code  Wk  gd32f405_425_Vectors.o
  0x0800136F  DMA1_Channel4_IRQHandler                   2  Code  Wk  gd32f405_425_Vectors.o
  0x08001371  CAN1_TX_IRQHandler                         2  Code  Wk  gd32f405_425_Vectors.o
  0x08001373  CAN1_RX0_IRQHandler                        2  Code  Wk  gd32f405_425_Vectors.o
  0x08001375  CAN1_RX1_IRQHandler                        2  Code  Wk  gd32f405_425_Vectors.o
  0x08001377  CAN1_EWMC_IRQHandler                       2  Code  Wk  gd32f405_425_Vectors.o
  0x08001379  USBFS_IRQHandler                           2  Code  Wk  gd32f405_425_Vectors.o
  0x0800137B  DMA1_Channel5_IRQHandler                   2  Code  Wk  gd32f405_425_Vectors.o
  0x0800137D  DMA1_Channel6_IRQHandler                   2  Code  Wk  gd32f405_425_Vectors.o
  0x0800137F  DMA1_Channel7_IRQHandler                   2  Code  Wk  gd32f405_425_Vectors.o
  0x08001381  USART5_IRQHandler                          2  Code  Wk  gd32f405_425_Vectors.o
  0x08001383  I2C2_EV_IRQHandler                         2  Code  Wk  gd32f405_425_Vectors.o
  0x08001385  I2C2_ER_IRQHandler                         2  Code  Wk  gd32f405_425_Vectors.o
  0x08001387  USBHS_EP1_Out_IRQHandler                   2  Code  Wk  gd32f405_425_Vectors.o
  0x08001389  USBHS_EP1_In_IRQHandler                    2  Code  Wk  gd32f405_425_Vectors.o
  0x0800138B  USBHS_WKUP_IRQHandler                      2  Code  Wk  gd32f405_425_Vectors.o
  0x0800138D  USBHS_IRQHandler                           2  Code  Wk  gd32f405_425_Vectors.o
  0x0800138F  DCI_IRQHandler                             2  Code  Wk  gd32f405_425_Vectors.o
  0x08001391  TRNG_IRQHandler                            2  Code  Wk  gd32f405_425_Vectors.o
  0x08001393  FPU_IRQHandler                             2  Code  Wk  gd32f405_425_Vectors.o
  0x08001395  strlen                             42      2  Code  Wk  strops.o (strops_unaligned_v7em_fpv4_sp_d16_hard_t_le_eabi_balanced.a)
  0x080013BF  reset_handler                              2  Code  Gb  GD32F4xx_Startup.o
  0x080013BF  Reset_Handler                              2  Code  Gb  GD32F4xx_Startup.o
  0x080014E5  __SEGGER_init_ctors                26      4  Code  Wk  SEGGER_crtinit.o (SEGGER_crtinit_v7em_fpv4_sp_d16_hard_t_le_eabi_balanced.a)
  0x08001589  __SEGGER_init_zero                 18      2  Code  Wk  SEGGER_crtinit.o (SEGGER_crtinit_v7em_fpv4_sp_d16_hard_t_le_eabi_balanced.a)
  0x0800159B  __SEGGER_init_copy                 20      2  Code  Wk  SEGGER_crtinit.o (SEGGER_crtinit_v7em_fpv4_sp_d16_hard_t_le_eabi_balanced.a)

Function symbols by descending size:

  Symbol name                      Size  Align  Type  Bd  Object File
  -------------------------  ----------  -----  ----  --  -----------
  tft_test                          744      4  Code  Gb  I2C_Tests.o
  usartx_config                     322      4  Code  Gb  usart_functions.o
  gpiox_config                      294      4  Code  Gb  gpio_functions.o
  main                              288      4  Code  Gb  I2C_main.o
  SystemCoreClockUpdate             272      4  Code  Gb  system_gd32f4xx.o
  i2cx_config                       254      4  Code  Gb  I2C_Functions.o
  tft_send_packet                   222      4  Code  Gb  dfrobot_tft.o
  SystemInit                        216      4  Code  Gb  system_gd32f4xx.o
  system_clock_42m_8m_hxtal         204      4  Code  Lc  system_gd32f4xx.o
  tft_draw_rect                     192      4  Code  Gb  dfrobot_tft.o
  tft_draw_text                     156      4  Code  Gb  dfrobot_tft.o
  tft_draw_gif                      138      4  Code  Gb  dfrobot_tft.o
  tft_draw_icon                     138      4  Code  Gb  dfrobot_tft.o
  __aeabi_memclr                    104      4  Code  Wk  strasmops_arm.o (strops_unaligned_v7em_fpv4_sp_d16_hard_t_le_eabi_balanced.a)
  USART1_IRQHandler                  96      4  Code  Gb  usart_functions.o
  memcpy                             92      4  Code  Wk  strasmops_arm.o (strops_unaligned_v7em_fpv4_sp_d16_hard_t_le_eabi_balanced.a)
  delay_systick_us                   72      4  Code  Gb  systick_functions.o
  systick_config                     72      4  Code  Gb  systick_functions.o
  usartx_send_text                   66      4  Code  Gb  usart_functions.o
  __NVIC_SetPriority                 62      4  Code  Lc  systick_functions.o
  __NVIC_SetPriority                 62      4  Code  Lc  usart_functions.o
  tft_set_background_color           56      4  Code  Gb  dfrobot_tft.o
  i2cx_send_dadr                     54      4  Code  Gb  I2C_Functions.o
  EXTI0_IRQHandler                   46      4  Code  Gb  gpio_functions.o
  __NVIC_EnableIRQ                   44      4  Code  Lc  usart_functions.o
  i2cx_stop                          42      4  Code  Gb  I2C_Functions.o
  strlen                             42      2  Code  Wk  strops.o (strops_unaligned_v7em_fpv4_sp_d16_hard_t_le_eabi_balanced.a)
  i2cx_send_byte                     32      4  Code  Gb  I2C_Functions.o
  i2cx_start                         30      4  Code  Gb  I2C_Functions.o
  __SEGGER_init_ctors                26      4  Code  Wk  SEGGER_crtinit.o (SEGGER_crtinit_v7em_fpv4_sp_d16_hard_t_le_eabi_balanced.a)
  __SEGGER_init_copy                 20      2  Code  Wk  SEGGER_crtinit.o (SEGGER_crtinit_v7em_fpv4_sp_d16_hard_t_le_eabi_balanced.a)
  __SEGGER_init_zero                 18      2  Code  Wk  SEGGER_crtinit.o (SEGGER_crtinit_v7em_fpv4_sp_d16_hard_t_le_eabi_balanced.a)
  SysTick_Handler                    16      4  Code  Gb  systick_functions.o
  _start                             14      4  Code  Gb  SEGGER_THUMB_Startup.o
  system_clock_config                 8      4  Code  Lc  system_gd32f4xx.o
  exit                                2      4  Code  Gb  SEGGER_THUMB_Startup.o
  ADC_IRQHandler                             2  Code  Wk  gd32f405_425_Vectors.o
  BusFault_Handler                           2  Code  Wk  gd32f405_425_Vectors.o
  CAN0_EWMC_IRQHandler                       2  Code  Wk  gd32f405_425_Vectors.o
  CAN0_RX0_IRQHandler                        2  Code  Wk  gd32f405_425_Vectors.o
  CAN0_RX1_IRQHandler                        2  Code  Wk  gd32f405_425_Vectors.o
  CAN0_TX_IRQHandler                         2  Code  Wk  gd32f405_425_Vectors.o
  CAN1_EWMC_IRQHandler                       2  Code  Wk  gd32f405_425_Vectors.o
  CAN1_RX0_IRQHandler                        2  Code  Wk  gd32f405_425_Vectors.o
  CAN1_RX1_IRQHandler                        2  Code  Wk  gd32f405_425_Vectors.o
  CAN1_TX_IRQHandler                         2  Code  Wk  gd32f405_425_Vectors.o
  DCI_IRQHandler                             2  Code  Wk  gd32f405_425_Vectors.o
  DMA0_Channel0_IRQHandler                   2  Code  Wk  gd32f405_425_Vectors.o
  DMA0_Channel1_IRQHandler                   2  Code  Wk  gd32f405_425_Vectors.o
  DMA0_Channel2_IRQHandler                   2  Code  Wk  gd32f405_425_Vectors.o
  DMA0_Channel3_IRQHandler                   2  Code  Wk  gd32f405_425_Vectors.o
  DMA0_Channel4_IRQHandler                   2  Code  Wk  gd32f405_425_Vectors.o
  DMA0_Channel5_IRQHandler                   2  Code  Wk  gd32f405_425_Vectors.o
  DMA0_Channel6_IRQHandler                   2  Code  Wk  gd32f405_425_Vectors.o
  DMA0_Channel7_IRQHandler                   2  Code  Wk  gd32f405_425_Vectors.o
  DMA1_Channel0_IRQHandler                   2  Code  Wk  gd32f405_425_Vectors.o
  DMA1_Channel1_IRQHandler                   2  Code  Wk  gd32f405_425_Vectors.o
  DMA1_Channel2_IRQHandler                   2  Code  Wk  gd32f405_425_Vectors.o
  DMA1_Channel3_IRQHandler                   2  Code  Wk  gd32f405_425_Vectors.o
  DMA1_Channel4_IRQHandler                   2  Code  Wk  gd32f405_425_Vectors.o
  DMA1_Channel5_IRQHandler                   2  Code  Wk  gd32f405_425_Vectors.o
  DMA1_Channel6_IRQHandler                   2  Code  Wk  gd32f405_425_Vectors.o
  DMA1_Channel7_IRQHandler                   2  Code  Wk  gd32f405_425_Vectors.o
  DebugMon_Handler                           2  Code  Wk  gd32f405_425_Vectors.o
  EXTI10_15_IRQHandler                       2  Code  Wk  gd32f405_425_Vectors.o
  EXTI1_IRQHandler                           2  Code  Wk  gd32f405_425_Vectors.o
  EXTI2_IRQHandler                           2  Code  Wk  gd32f405_425_Vectors.o
  EXTI3_IRQHandler                           2  Code  Wk  gd32f405_425_Vectors.o
  EXTI4_IRQHandler                           2  Code  Wk  gd32f405_425_Vectors.o
  EXTI5_9_IRQHandler                         2  Code  Wk  gd32f405_425_Vectors.o
  FMC_IRQHandler                             2  Code  Wk  gd32f405_425_Vectors.o
  FPU_IRQHandler                             2  Code  Wk  gd32f405_425_Vectors.o
  HardFault_Handler                          4  Code  Wk  GD32F4xx_Startup.o
  I2C0_ER_IRQHandler                         2  Code  Wk  gd32f405_425_Vectors.o
  I2C0_EV_IRQHandler                         2  Code  Wk  gd32f405_425_Vectors.o
  I2C1_ER_IRQHandler                         2  Code  Wk  gd32f405_425_Vectors.o
  I2C1_EV_IRQHandler                         2  Code  Wk  gd32f405_425_Vectors.o
  I2C2_ER_IRQHandler                         2  Code  Wk  gd32f405_425_Vectors.o
  I2C2_EV_IRQHandler                         2  Code  Wk  gd32f405_425_Vectors.o
  LVD_IRQHandler                             2  Code  Wk  gd32f405_425_Vectors.o
  MemManage_Handler                          2  Code  Wk  gd32f405_425_Vectors.o
  NMI_Handler                                2  Code  Wk  gd32f405_425_Vectors.o
  PendSV_Handler                             2  Code  Wk  gd32f405_425_Vectors.o
  RCU_CTC_IRQHandler                         2  Code  Wk  gd32f405_425_Vectors.o
  RTC_Alarm_IRQHandler                       2  Code  Wk  gd32f405_425_Vectors.o
  RTC_WKUP_IRQHandler                        2  Code  Wk  gd32f405_425_Vectors.o
  Reset_Handler                              2  Code  Gb  GD32F4xx_Startup.o
  SDIO_IRQHandler                            2  Code  Wk  gd32f405_425_Vectors.o
  SPI0_IRQHandler                            2  Code  Wk  gd32f405_425_Vectors.o
  SPI1_IRQHandler                            2  Code  Wk  gd32f405_425_Vectors.o
  SPI2_IRQHandler                            2  Code  Wk  gd32f405_425_Vectors.o
  SVC_Handler                                2  Code  Wk  gd32f405_425_Vectors.o
  TAMPER_STAMP_IRQHandler                    2  Code  Wk  gd32f405_425_Vectors.o
  TIMER0_BRK_TIMER8_IRQHandler
                                             2  Code  Wk  gd32f405_425_Vectors.o
  TIMER0_Channel_IRQHandler                  2  Code  Wk  gd32f405_425_Vectors.o
  TIMER0_TRG_CMT_TIMER10_IRQHandler
                                             2  Code  Wk  gd32f405_425_Vectors.o
  TIMER0_UP_TIMER9_IRQHandler
                                             2  Code  Wk  gd32f405_425_Vectors.o
  TIMER1_IRQHandler                          2  Code  Wk  gd32f405_425_Vectors.o
  TIMER2_IRQHandler                          2  Code  Wk  gd32f405_425_Vectors.o
  TIMER3_IRQHandler                          2  Code  Wk  gd32f405_425_Vectors.o
  TIMER4_IRQHandler                          2  Code  Wk  gd32f405_425_Vectors.o
  TIMER5_DAC_IRQHandler                      2  Code  Wk  gd32f405_425_Vectors.o
  TIMER6_IRQHandler                          2  Code  Wk  gd32f405_425_Vectors.o
  TIMER7_BRK_TIMER11_IRQHandler
                                             2  Code  Wk  gd32f405_425_Vectors.o
  TIMER7_Channel_IRQHandler                  2  Code  Wk  gd32f405_425_Vectors.o
  TIMER7_TRG_CMT_TIMER13_IRQHandler
                                             2  Code  Wk  gd32f405_425_Vectors.o
  TIMER7_UP_TIMER12_IRQHandler
                                             2  Code  Wk  gd32f405_425_Vectors.o
  TRNG_IRQHandler                            2  Code  Wk  gd32f405_425_Vectors.o
  UART3_IRQHandler                           2  Code  Wk  gd32f405_425_Vectors.o
  UART4_IRQHandler                           2  Code  Wk  gd32f405_425_Vectors.o
  USART0_IRQHandler                          2  Code  Wk  gd32f405_425_Vectors.o
  USART2_IRQHandler                          2  Code  Wk  gd32f405_425_Vectors.o
  USART5_IRQHandler                          2  Code  Wk  gd32f405_425_Vectors.o
  USBFS_IRQHandler                           2  Code  Wk  gd32f405_425_Vectors.o
  USBFS_WKUP_IRQHandler                      2  Code  Wk  gd32f405_425_Vectors.o
  USBHS_EP1_In_IRQHandler                    2  Code  Wk  gd32f405_425_Vectors.o
  USBHS_EP1_Out_IRQHandler                   2  Code  Wk  gd32f405_425_Vectors.o
  USBHS_IRQHandler                           2  Code  Wk  gd32f405_425_Vectors.o
  USBHS_WKUP_IRQHandler                      2  Code  Wk  gd32f405_425_Vectors.o
  UsageFault_Handler                         2  Code  Wk  gd32f405_425_Vectors.o
  WWDGT_IRQHandler                           2  Code  Wk  gd32f405_425_Vectors.o
  __SEGGER_init_done                         4  Code  Gb  SEGGER_THUMB_Startup.o
  __aeabi_memclr4                            4  Code  Wk  strasmops_arm.o (strops_unaligned_v7em_fpv4_sp_d16_hard_t_le_eabi_balanced.a)
  __aeabi_memclr8                            4  Code  Wk  strasmops_arm.o (strops_unaligned_v7em_fpv4_sp_d16_hard_t_le_eabi_balanced.a)
  __aeabi_memcpy                             4  Code  Wk  strasmops_arm.o (strops_unaligned_v7em_fpv4_sp_d16_hard_t_le_eabi_balanced.a)
  __aeabi_memcpy4                            4  Code  Wk  strasmops_arm.o (strops_unaligned_v7em_fpv4_sp_d16_hard_t_le_eabi_balanced.a)
  __aeabi_memcpy8                            4  Code  Wk  strasmops_arm.o (strops_unaligned_v7em_fpv4_sp_d16_hard_t_le_eabi_balanced.a)
  __aeabi_memset                             4  Code  Wk  strasmops_arm.o (strops_unaligned_v7em_fpv4_sp_d16_hard_t_le_eabi_balanced.a)
  __aeabi_memset4                            4  Code  Wk  strasmops_arm.o (strops_unaligned_v7em_fpv4_sp_d16_hard_t_le_eabi_balanced.a)
  __aeabi_memset8                            4  Code  Wk  strasmops_arm.o (strops_unaligned_v7em_fpv4_sp_d16_hard_t_le_eabi_balanced.a)
  __startup_complete                         4  Code  Gb  SEGGER_THUMB_Startup.o
  memset                                     4  Code  Wk  strasmops_arm.o (strops_unaligned_v7em_fpv4_sp_d16_hard_t_le_eabi_balanced.a)
  reset_handler                              2  Code  Gb  GD32F4xx_Startup.o

Read-write data symbols by name:

  Symbol name                   Address        Size  Align  Type  Bd  Object File
  -------------------------  ----------  ----------  -----  ----  --  -----------
  SystemCoreClock            0x2000010C           4      4  Init  Gb  system_gd32f4xx.o
  esc_msg                    0x2000013B          43         Init  Gb  I2C_main.o
  g_exti0_count              0x20000008           4      4  Zero  Gb  gpio_functions.o
  g_systick_count            0x20000004           4      4  Zero  Gb  systick_functions.o
  g_usart1_rx_arr            0x2000000C         256         Zero  Gb  usart_functions.o
  g_usart1_rx_count          0x20000000           4      4  Zero  Gb  usart_functions.o
  main_menu                  0x20000110          43         Init  Gb  I2C_main.o

Read-write data symbols by address:

     Address  Symbol name                      Size  Align  Type  Bd  Object File
  ----------  -------------------------  ----------  -----  ----  --  -----------
  0x20000000  g_usart1_rx_count                   4      4  Zero  Gb  usart_functions.o
  0x20000004  g_systick_count                     4      4  Zero  Gb  systick_functions.o
  0x20000008  g_exti0_count                       4      4  Zero  Gb  gpio_functions.o
  0x2000000C  g_usart1_rx_arr                   256         Zero  Gb  usart_functions.o
  0x2000010C  SystemCoreClock                     4      4  Init  Gb  system_gd32f4xx.o
  0x20000110  main_menu                          43         Init  Gb  I2C_main.o
  0x2000013B  esc_msg                            43         Init  Gb  I2C_main.o

Read-write data symbols by descending size:

  Symbol name                      Size  Align  Type  Bd  Object File
  -------------------------  ----------  -----  ----  --  -----------
  g_usart1_rx_arr                   256         Zero  Gb  usart_functions.o
  esc_msg                            43         Init  Gb  I2C_main.o
  main_menu                          43         Init  Gb  I2C_main.o
  SystemCoreClock                     4      4  Init  Gb  system_gd32f4xx.o
  g_exti0_count                       4      4  Zero  Gb  gpio_functions.o
  g_systick_count                     4      4  Zero  Gb  systick_functions.o
  g_usart1_rx_count                   4      4  Zero  Gb  usart_functions.o

Read-only data symbols by name:

  Symbol name                   Address        Size  Align  Type  Bd  Object File
  -------------------------  ----------  ----------  -----  ----  --  -----------
  __SEGGER_init_data__       0x0800152C        [92]      4  Cnst  Lc  [ Linker created ]
  __SEGGER_init_table__      0x08001508        [36]      4  Cnst  Lc  [ Linker created ]

Read-only data symbols by address:

     Address  Symbol name                      Size  Align  Type  Bd  Object File
  ----------  -------------------------  ----------  -----  ----  --  -----------
  0x08001508  __SEGGER_init_table__            [36]      4  Cnst  Lc  [ Linker created ]
  0x0800152C  __SEGGER_init_data__             [92]      4  Cnst  Lc  [ Linker created ]

Untyped symbols by name:

  Symbol name                     Value        Size  Align  Type  Bd  Object File
  -------------------------  ----------  ----------  -----  ----  --  -----------
  __FLASH1_segment_end__     0x08100000                     ----  Gb  [ Linker created ]
  __FLASH1_segment_size__    0x00100000                     ----  Gb  [ Linker created ]
  __FLASH1_segment_start__   0x08000000                     ----  Gb  [ Linker created ]
  __FLASH1_segment_used_end__
                             0x080015AE                     ----  Gb  [ Linker created ]
  __FLASH1_segment_used_size__
                             0x000015AE                     ----  Gb  [ Linker created ]
  __FLASH1_segment_used_start__
                             0x08000000                     ----  Gb  [ Linker created ]
  __FLASH_segment_end__      0x08100000                     ----  Gb  [ Linker created ]
  __FLASH_segment_size__     0x00100000                     ----  Gb  [ Linker created ]
  __FLASH_segment_start__    0x08000000                     ----  Gb  [ Linker created ]
  __FLASH_segment_used_end__
                             0x080015AE                     ----  Gb  [ Linker created ]
  __FLASH_segment_used_size__
                             0x000015AE                     ----  Gb  [ Linker created ]
  __FLASH_segment_used_start__
                             0x08000000                     ----  Gb  [ Linker created ]
  __HEAPSIZE__               0x00000400                     ----  Gb  [ Linker created ]
  __RAM1_segment_end__       0x20020000                     ----  Gb  [ Linker created ]
  __RAM1_segment_size__      0x00020000                     ----  Gb  [ Linker created ]
  __RAM1_segment_start__     0x20000000                     ----  Gb  [ Linker created ]
  __RAM1_segment_used_end__  0x20020000                     ----  Gb  [ Linker created ]
  __RAM1_segment_used_size__
                             0x00020000                     ----  Gb  [ Linker created ]
  __RAM1_segment_used_start__
                             0x20000000                     ----  Gb  [ Linker created ]
  __RAM_segment_end__        0x20020000                     ----  Gb  [ Linker created ]
  __RAM_segment_size__       0x00020000                     ----  Gb  [ Linker created ]
  __RAM_segment_start__      0x20000000                     ----  Gb  [ Linker created ]
  __RAM_segment_used_end__   0x20020000                     ----  Gb  [ Linker created ]
  __RAM_segment_used_size__  0x00020000                     ----  Gb  [ Linker created ]
  __RAM_segment_used_start__
                             0x20000000                     ----  Gb  [ Linker created ]
  __STACKSIZE_PROCESS__      0x00000000                     ----  Gb  [ Linker created ]
  __STACKSIZE__              0x00000800                     ----  Gb  [ Linker created ]
  __TCM_RAM1_segment_end__   0x10010000                     ----  Gb  [ Linker created ]
  __TCM_RAM1_segment_size__  0x00010000                     ----  Gb  [ Linker created ]
  __TCM_RAM1_segment_start__
                             0x10000000                     ----  Gb  [ Linker created ]
  __TCM_RAM1_segment_used_end__
                             0x10000000                     ----  Gb  [ Linker created ]
  __TCM_RAM1_segment_used_size__
                             0x00000000                     ----  Gb  [ Linker created ]
  __TCM_RAM1_segment_used_start__
                             0x10000000                     ----  Gb  [ Linker created ]
  __ctors_end__              0x080014B4                     ----  Gb  [ Linker created ]
  __ctors_start__            0x080014B0                     ----  Gb  [ Linker created ]
  __stack_end__              0x20020000                     ----  Gb  [ Linker created ]
  __thread_pointer$          0x00000000                     ----  Gb  [ Linker created ]
  _vectors                   0x08000000       [392]    512  Code  Gb  gd32f405_425_Vectors.o
  _vectors_end               0x08000188                512  Code  Lc  gd32f405_425_Vectors.o

Untyped symbols by address:

       Value  Symbol name                      Size  Align  Type  Bd  Object File
  ----------  -------------------------  ----------  -----  ----  --  -----------
  0x00000000  __thread_pointer$                             ----  Gb  [ Linker created ]
  0x00000000  __TCM_RAM1_segment_used_size__
                                                            ----  Gb  [ Linker created ]
  0x00000000  __STACKSIZE_PROCESS__                         ----  Gb  [ Linker created ]
  0x00000400  __HEAPSIZE__                                  ----  Gb  [ Linker created ]
  0x00000800  __STACKSIZE__                                 ----  Gb  [ Linker created ]
  0x000015AE  __FLASH_segment_used_size__
                                                            ----  Gb  [ Linker created ]
  0x000015AE  __FLASH1_segment_used_size__
                                                            ----  Gb  [ Linker created ]
  0x00010000  __TCM_RAM1_segment_size__                     ----  Gb  [ Linker created ]
  0x00020000  __RAM_segment_used_size__                     ----  Gb  [ Linker created ]
  0x00020000  __RAM_segment_size__                          ----  Gb  [ Linker created ]
  0x00020000  __RAM1_segment_used_size__
                                                            ----  Gb  [ Linker created ]
  0x00020000  __RAM1_segment_size__                         ----  Gb  [ Linker created ]
  0x00100000  __FLASH_segment_size__                        ----  Gb  [ Linker created ]
  0x00100000  __FLASH1_segment_size__                       ----  Gb  [ Linker created ]
  0x08000000  _vectors                        [392]    512  Code  Gb  gd32f405_425_Vectors.o
  0x08000000  __FLASH_segment_used_start__
                                                            ----  Gb  [ Linker created ]
  0x08000000  __FLASH_segment_start__                       ----  Gb  [ Linker created ]
  0x08000000  __FLASH1_segment_used_start__
                                                            ----  Gb  [ Linker created ]
  0x08000000  __FLASH1_segment_start__                      ----  Gb  [ Linker created ]
  0x08000188  _vectors_end                             512  Code  Lc  gd32f405_425_Vectors.o
  0x080014B0  __ctors_start__                               ----  Gb  [ Linker created ]
  0x080014B4  __ctors_end__                                 ----  Gb  [ Linker created ]
  0x080015AE  __FLASH_segment_used_end__
                                                            ----  Gb  [ Linker created ]
  0x080015AE  __FLASH1_segment_used_end__
                                                            ----  Gb  [ Linker created ]
  0x08100000  __FLASH_segment_end__                         ----  Gb  [ Linker created ]
  0x08100000  __FLASH1_segment_end__                        ----  Gb  [ Linker created ]
  0x10000000  __TCM_RAM1_segment_used_start__
                                                            ----  Gb  [ Linker created ]
  0x10000000  __TCM_RAM1_segment_used_end__
                                                            ----  Gb  [ Linker created ]
  0x10000000  __TCM_RAM1_segment_start__
                                                            ----  Gb  [ Linker created ]
  0x10010000  __TCM_RAM1_segment_end__                      ----  Gb  [ Linker created ]
  0x20000000  __RAM_segment_used_start__
                                                            ----  Gb  [ Linker created ]
  0x20000000  __RAM_segment_start__                         ----  Gb  [ Linker created ]
  0x20000000  __RAM1_segment_used_start__
                                                            ----  Gb  [ Linker created ]
  0x20000000  __RAM1_segment_start__                        ----  Gb  [ Linker created ]
  0x20020000  __stack_end__                                 ----  Gb  [ Linker created ]
  0x20020000  __RAM_segment_used_end__                      ----  Gb  [ Linker created ]
  0x20020000  __RAM_segment_end__                           ----  Gb  [ Linker created ]
  0x20020000  __RAM1_segment_used_end__                     ----  Gb  [ Linker created ]
  0x20020000  __RAM1_segment_end__                          ----  Gb  [ Linker created ]


***********************************************************************************************
***                                                                                         ***
***                                      LINK SUMMARY                                       ***
***                                                                                         ***
***********************************************************************************************

Memory breakdown:

    5 152 bytes read-only  code    + 
      394 bytes read-only  data    =   5 546 bytes read-only (total)
    2 406 bytes read-write data

Region summary:

  Name        Range                     Size                 Used               Unused       Alignment Loss
  ----------  -----------------  -----------  -------------------  -------------------  -------------------
  FLASH       08000000-080fffff    1 048 576        5 550   0.53%    1 043 026  99.47%            0   0.00%
  RAM         20000000-2001ffff      131 072        2 406   1.84%      128 666  98.16%            0   0.00%

Link complete: 0 errors, 0 warnings, 0 remarks
